node.exe : Error: Cannot apply unknown 
utility class 
`shadow-[0_8px_32px_0_rgba(31,`
At line:1 char:1
+ & "C:\Program Files\nodejs/node.exe" 
"C:\Program Files\nodejs/node_mo ...
+ ~~~~~~~~~~~~~~~~~~~~~~~~~~~~~~~~~~~~~~
~~~~~~~~~~~~~~~~~~~~~~~~~~~~~~~
    + CategoryInfo          : NotSpecif 
   ied: (Error: Cannot a...2px_0_rgba(  
  31,`:String) [], RemoteException
    + FullyQualifiedErrorId : NativeCom 
   mandError
 
    at onInvalidCandidate (D:\Medicine 
Resale Platform\client\node_modules\tail
windcss\dist\lib.js:21:1511)
    at Te (D:\Medicine Resale Platform\c
lient\node_modules\tailwindcss\dist\lib.
js:16:36326)
    at D:\Medicine Resale Platform\clien
t\node_modules\tailwindcss\dist\lib.js:2
1:355
    at Rr (D:\Medicine Resale Platform\c
lient\node_modules\tailwindcss\dist\lib.
js:3:1718)
    at _ (D:\Medicine Resale Platform\cl
ient\node_modules\tailwindcss\dist\lib.j
s:3:1377)
    at $e (D:\Medicine Resale Platform\c
lient\node_modules\tailwindcss\dist\lib.
js:21:172)
    at un (D:\Medicine Resale Platform\c
lient\node_modules\tailwindcss\dist\lib.
js:38:294)
    at async cn (D:\Medicine Resale Plat
form\client\node_modules\tailwindcss\dis
t\lib.js:38:631)
    at async Xr (D:\Medicine Resale Plat
form\client\node_modules\@tailwindcss\no
de\dist\index.js:10:3417)
    at async I (D:\Medicine Resale Platf
orm\client\node_modules\@tailwindcss\pos
tcss\dist\index.js:10:3977)
[31mÔ£ù[39m Build failed in 1.04s
[31merror during build:
[31m[vite:css] [postcss] tailwindcss: 
D:/Medicine Resale 
Platform/client/src/index.css:1:1: 
Cannot apply unknown utility class 
`shadow-[0_8px_32px_0_rgba(31,`[31m
file: [36mD:/Medicine Resale 
Platform/client/src/index.css:1:0[31m
    at Input.error (D:\Medicine Resale P
latform\client\node_modules\postcss\lib\
input.js:135:16)
    at Root.error (D:\Medicine Resale Pl
atform\client\node_modules\postcss\lib\n
ode.js:146:32)
    at Object.Once (D:\Medicine Resale P
latform\client\node_modules\@tailwindcss
\postcss\dist\index.js:10:6911)
    at async LazyResult.runAsync 
(D:\Medicine Resale Platform\client\node
_modules\postcss\lib\lazy-result.js:293:
11)
    at async runPostCSS (file:///D:/Medi
cine%20Resale%20Platform/client/node_mod
ules/vite/dist/node/chunks/config.js:301
45:19)
    at async compilePostCSS (file:///D:/
Medicine%20Resale%20Platform/client/node
_modules/vite/dist/node/chunks/config.js
:30129:6)
    at async compileCSS (file:///D:/Medi
cine%20Resale%20Platform/client/node_mod
ules/vite/dist/node/chunks/config.js:300
59:26)
    at async Object.handler (file:///D:/
Medicine%20Resale%20Platform/client/node
_modules/vite/dist/node/chunks/config.js
:29592:54)
    at async transform (file:///D:/Medic
ine%20Resale%20Platform/client/node_modu
les/rollup/dist/es/shared/node-entry.js:
21243:16)
    at async 
ModuleLoader.addModuleSource (file:///D:
/Medicine%20Resale%20Platform/client/nod
e_modules/rollup/dist/es/shared/node-ent
ry.js:21471:36)[39m
